2026-10-03 09:10:11.455 TRACE_ID WARN  http-nio-8888-exec-2 Generator4MethodAccessor field not found status of object class name com.sparrow.coder.protocol.param.TableConfigParam
2026-10-03 09:10:11.456 TRACE_ID WARN  http-nio-8888-exec-2 Generator4MethodAccessor field not found deleted of object class name com.sparrow.coder.protocol.param.TableConfigParam
2026-10-03 09:10:11.456 TRACE_ID WARN  http-nio-8888-exec-2 Generator4MethodAccessor field not found createUserId of object class name com.sparrow.coder.protocol.param.TableConfigParam
2026-10-03 09:10:11.456 TRACE_ID WARN  http-nio-8888-exec-2 Generator4MethodAccessor field not found modifiedUserId of object class name com.sparrow.coder.protocol.param.TableConfigParam
2026-10-03 09:10:11.456 TRACE_ID WARN  http-nio-8888-exec-2 Generator4MethodAccessor field not found gmtCreate of object class name com.sparrow.coder.protocol.param.TableConfigParam
2026-10-03 09:10:11.456 TRACE_ID WARN  http-nio-8888-exec-2 Generator4MethodAccessor field not found gmtModified of object class name com.sparrow.coder.protocol.param.TableConfigParam
2026-10-03 09:10:11.456 TRACE_ID WARN  http-nio-8888-exec-2 Generator4MethodAccessor field not found createUserName of object class name com.sparrow.coder.protocol.param.TableConfigParam
2026-10-03 09:10:11.456 TRACE_ID WARN  http-nio-8888-exec-2 Generator4MethodAccessor field not found modifiedUserName of object class name com.sparrow.coder.protocol.param.TableConfigParam
2026-10-03 09:10:11.525 TRACE_ID WARN  http-nio-8888-exec-4 Generator4MethodAccessor field not found limit of object class name com.sparrow.coder.protocol.query.TableConfigQuery
2026-10-03 09:10:11.525 TRACE_ID WARN  http-nio-8888-exec-4 Generator4MethodAccessor field not found limit of object class name com.sparrow.coder.dao.query.TableConfigDBPagerQuery
2026-10-03 09:10:11.528 TRACE_ID WARN  http-nio-8888-exec-4 Generator4MethodAccessor field not found limit of object class name com.sparrow.coder.protocol.query.TableConfigQuery
2026-10-03 09:10:11.528 TRACE_ID WARN  http-nio-8888-exec-4 Generator4MethodAccessor field not found limit of object class name com.sparrow.coder.dao.query.TableConfigDBPagerQuery
2026-10-03 09:10:11.532 TRACE_ID WARN  http-nio-8888-exec-4 Generator4MethodAccessor field not found limit of object class name com.sparrow.coder.protocol.query.ProjectConfigQuery
2026-10-03 09:10:11.532 TRACE_ID WARN  http-nio-8888-exec-4 Generator4MethodAccessor field not found limit of object class name com.sparrow.coder.dao.query.ProjectConfigDBPagerQuery
2026-10-03 09:10:11.534 TRACE_ID WARN  http-nio-8888-exec-4 Generator4MethodAccessor field not found displayText of object class name com.sparrow.coder.po.ProjectConfig
2026-10-03 09:10:15.765 TRACE_ID WARN  http-nio-8888-exec-6 Generator4MethodAccessor field not found status of object class name com.sparrow.coder.protocol.param.TableConfigParam
2026-10-03 09:10:15.765 TRACE_ID WARN  http-nio-8888-exec-6 Generator4MethodAccessor field not found deleted of object class name com.sparrow.coder.protocol.param.TableConfigParam
2026-10-03 09:10:15.765 TRACE_ID WARN  http-nio-8888-exec-6 Generator4MethodAccessor field not found createUserId of object class name com.sparrow.coder.protocol.param.TableConfigParam
2026-10-03 09:10:15.765 TRACE_ID WARN  http-nio-8888-exec-6 Generator4MethodAccessor field not found modifiedUserId of object class name com.sparrow.coder.protocol.param.TableConfigParam
2026-10-03 09:10:15.765 TRACE_ID WARN  http-nio-8888-exec-6 Generator4MethodAccessor field not found gmtCreate of object class name com.sparrow.coder.protocol.param.TableConfigParam
2026-10-03 09:10:15.765 TRACE_ID WARN  http-nio-8888-exec-6 Generator4MethodAccessor field not found gmtModified of object class name com.sparrow.coder.protocol.param.TableConfigParam
2026-10-03 09:10:15.765 TRACE_ID WARN  http-nio-8888-exec-6 Generator4MethodAccessor field not found createUserName of object class name com.sparrow.coder.protocol.param.TableConfigParam
2026-10-03 09:10:15.765 TRACE_ID WARN  http-nio-8888-exec-6 Generator4MethodAccessor field not found modifiedUserName of object class name com.sparrow.coder.protocol.param.TableConfigParam
2026-10-03 09:10:15.786 TRACE_ID WARN  http-nio-8888-exec-7 Generator4MethodAccessor field not found limit of object class name com.sparrow.coder.protocol.query.TableConfigQuery
2026-10-03 09:10:15.786 TRACE_ID WARN  http-nio-8888-exec-7 Generator4MethodAccessor field not found limit of object class name com.sparrow.coder.dao.query.TableConfigDBPagerQuery
2026-10-03 09:10:15.788 TRACE_ID WARN  http-nio-8888-exec-7 Generator4MethodAccessor field not found limit of object class name com.sparrow.coder.protocol.query.TableConfigQuery
2026-10-03 09:10:15.788 TRACE_ID WARN  http-nio-8888-exec-7 Generator4MethodAccessor field not found limit of object class name com.sparrow.coder.dao.query.TableConfigDBPagerQuery
2026-10-03 09:10:15.790 TRACE_ID WARN  http-nio-8888-exec-7 Generator4MethodAccessor field not found limit of object class name com.sparrow.coder.protocol.query.ProjectConfigQuery
2026-10-03 09:10:15.790 TRACE_ID WARN  http-nio-8888-exec-7 Generator4MethodAccessor field not found limit of object class name com.sparrow.coder.dao.query.ProjectConfigDBPagerQuery
2026-10-03 09:10:15.791 TRACE_ID WARN  http-nio-8888-exec-7 Generator4MethodAccessor field not found displayText of object class name com.sparrow.coder.po.ProjectConfig
2026-10-03 09:10:26.434 TRACE_ID WARN  http-nio-8888-exec-1 Generator4MethodAccessor field not found limit of object class name com.sparrow.coder.protocol.query.TableConfigQuery
2026-10-03 09:10:26.434 TRACE_ID WARN  http-nio-8888-exec-1 Generator4MethodAccessor field not found limit of object class name com.sparrow.coder.dao.query.TableConfigDBPagerQuery
2026-10-03 09:10:26.436 TRACE_ID WARN  http-nio-8888-exec-1 Generator4MethodAccessor field not found limit of object class name com.sparrow.coder.protocol.query.TableConfigQuery
2026-10-03 09:10:26.436 TRACE_ID WARN  http-nio-8888-exec-1 Generator4MethodAccessor field not found limit of object class name com.sparrow.coder.dao.query.TableConfigDBPagerQuery
2026-10-03 09:10:26.438 TRACE_ID WARN  http-nio-8888-exec-1 Generator4MethodAccessor field not found limit of object class name com.sparrow.coder.protocol.query.ProjectConfigQuery
2026-10-03 09:10:26.438 TRACE_ID WARN  http-nio-8888-exec-1 Generator4MethodAccessor field not found limit of object class name com.sparrow.coder.dao.query.ProjectConfigDBPagerQuery
2026-10-03 09:10:26.440 TRACE_ID WARN  http-nio-8888-exec-1 Generator4MethodAccessor field not found displayText of object class name com.sparrow.coder.po.ProjectConfig
2026-10-03 09:11:08.702 TRACE_ID WARN  http-nio-8888-exec-3 Generator4MethodAccessor field not found limit of object class name com.sparrow.coder.protocol.query.TableConfigQuery
2026-10-03 09:11:08.702 TRACE_ID WARN  http-nio-8888-exec-3 Generator4MethodAccessor field not found limit of object class name com.sparrow.coder.dao.query.TableConfigDBPagerQuery
2026-10-03 09:11:08.704 TRACE_ID WARN  http-nio-8888-exec-3 Generator4MethodAccessor field not found limit of object class name com.sparrow.coder.protocol.query.TableConfigQuery
2026-10-03 09:11:08.704 TRACE_ID WARN  http-nio-8888-exec-3 Generator4MethodAccessor field not found limit of object class name com.sparrow.coder.dao.query.TableConfigDBPagerQuery
2026-10-03 09:11:08.706 TRACE_ID WARN  http-nio-8888-exec-3 Generator4MethodAccessor field not found limit of object class name com.sparrow.coder.protocol.query.ProjectConfigQuery
2026-10-03 09:11:08.706 TRACE_ID WARN  http-nio-8888-exec-3 Generator4MethodAccessor field not found limit of object class name com.sparrow.coder.dao.query.ProjectConfigDBPagerQuery
2026-10-03 09:11:08.707 TRACE_ID WARN  http-nio-8888-exec-3 Generator4MethodAccessor field not found displayText of object class name com.sparrow.coder.po.ProjectConfig
2026-10-03 09:14:33.767 TRACE_ID WARN  http-nio-8888-exec-5 Generator4MethodAccessor field not found limit of object class name com.sparrow.coder.protocol.query.TableConfigQuery
2026-10-03 09:14:33.767 TRACE_ID WARN  http-nio-8888-exec-5 Generator4MethodAccessor field not found limit of object class name com.sparrow.coder.dao.query.TableConfigDBPagerQuery
2026-10-03 09:14:33.777 TRACE_ID WARN  http-nio-8888-exec-5 Generator4MethodAccessor field not found limit of object class name com.sparrow.coder.protocol.query.TableConfigQuery
2026-10-03 09:14:33.777 TRACE_ID WARN  http-nio-8888-exec-5 Generator4MethodAccessor field not found limit of object class name com.sparrow.coder.dao.query.TableConfigDBPagerQuery
2026-10-03 09:14:33.780 TRACE_ID WARN  http-nio-8888-exec-5 Generator4MethodAccessor field not found limit of object class name com.sparrow.coder.protocol.query.ProjectConfigQuery
2026-10-03 09:14:33.780 TRACE_ID WARN  http-nio-8888-exec-5 Generator4MethodAccessor field not found limit of object class name com.sparrow.coder.dao.query.ProjectConfigDBPagerQuery
2026-10-03 09:14:33.782 TRACE_ID WARN  http-nio-8888-exec-5 Generator4MethodAccessor field not found displayText of object class name com.sparrow.coder.po.ProjectConfig
2026-10-03 09:14:33.805 TRACE_ID WARN  http-nio-8888-exec-9 Generator4MethodAccessor field not found limit of object class name com.sparrow.coder.protocol.query.ProjectConfigQuery
2026-10-03 09:14:33.805 TRACE_ID WARN  http-nio-8888-exec-7 Generator4MethodAccessor field not found limit of object class name com.sparrow.coder.protocol.query.ProjectConfigQuery
2026-10-03 09:14:33.805 TRACE_ID WARN  http-nio-8888-exec-9 Generator4MethodAccessor field not found limit of object class name com.sparrow.coder.dao.query.ProjectConfigDBPagerQuery
2026-10-03 09:14:33.805 TRACE_ID WARN  http-nio-8888-exec-7 Generator4MethodAccessor field not found limit of object class name com.sparrow.coder.dao.query.ProjectConfigDBPagerQuery
2026-10-03 09:14:33.806 TRACE_ID WARN  http-nio-8888-exec-7 Generator4MethodAccessor field not found limit of object class name com.sparrow.coder.protocol.query.ProjectConfigQuery
2026-10-03 09:14:33.807 TRACE_ID WARN  http-nio-8888-exec-7 Generator4MethodAccessor field not found limit of object class name com.sparrow.coder.dao.query.ProjectConfigDBPagerQuery
2026-10-03 09:14:33.807 TRACE_ID WARN  http-nio-8888-exec-9 Generator4MethodAccessor field not found limit of object class name com.sparrow.coder.protocol.query.ProjectConfigQuery
2026-10-03 09:14:33.807 TRACE_ID WARN  http-nio-8888-exec-9 Generator4MethodAccessor field not found limit of object class name com.sparrow.coder.dao.query.ProjectConfigDBPagerQuery
2026-10-03 09:14:33.808 TRACE_ID WARN  http-nio-8888-exec-7 Generator4MethodAccessor field not found displayText of object class name com.sparrow.coder.po.ProjectConfig
2026-10-03 09:14:33.808 TRACE_ID WARN  http-nio-8888-exec-9 Generator4MethodAccessor field not found displayText of object class name com.sparrow.coder.po.ProjectConfig
2026-10-03 09:14:43.079 TRACE_ID WARN  http-nio-8888-exec-8 Generator4MethodAccessor field not found limit of object class name com.sparrow.coder.protocol.query.ProjectConfigQuery
2026-10-03 09:14:43.079 TRACE_ID WARN  http-nio-8888-exec-8 Generator4MethodAccessor field not found limit of object class name com.sparrow.coder.dao.query.ProjectConfigDBPagerQuery
2026-10-03 09:14:50.315 TRACE_ID WARN  http-nio-8888-exec-2 Generator4MethodAccessor field not found limit of object class name com.sparrow.coder.protocol.query.ProjectConfigQuery
2026-10-03 09:14:50.315 TRACE_ID WARN  http-nio-8888-exec-2 Generator4MethodAccessor field not found limit of object class name com.sparrow.coder.dao.query.ProjectConfigDBPagerQuery
2026-10-03 09:14:53.044 TRACE_ID WARN  http-nio-8888-exec-4 Generator4MethodAccessor field not found limit of object class name com.sparrow.coder.protocol.query.ProjectConfigQuery
2026-10-03 09:14:53.044 TRACE_ID WARN  http-nio-8888-exec-4 Generator4MethodAccessor field not found limit of object class name com.sparrow.coder.dao.query.ProjectConfigDBPagerQuery
2026-10-03 09:14:53.046 TRACE_ID WARN  http-nio-8888-exec-4 Generator4MethodAccessor field not found limit of object class name com.sparrow.coder.protocol.query.ProjectConfigQuery
2026-10-03 09:14:53.046 TRACE_ID WARN  http-nio-8888-exec-4 Generator4MethodAccessor field not found limit of object class name com.sparrow.coder.dao.query.ProjectConfigDBPagerQuery
2026-10-03 09:14:53.048 TRACE_ID WARN  http-nio-8888-exec-4 Generator4MethodAccessor field not found displayText of object class name com.sparrow.coder.po.ProjectConfig
2026-10-03 09:17:00.986 TRACE_ID WARN  http-nio-8888-exec-2 Generator4MethodAccessor field not found limit of object class name com.sparrow.coder.protocol.query.ProjectConfigQuery
2026-10-03 09:17:00.986 TRACE_ID WARN  http-nio-8888-exec-2 Generator4MethodAccessor field not found limit of object class name com.sparrow.coder.dao.query.ProjectConfigDBPagerQuery
2026-10-03 09:17:10.452 TRACE_ID WARN  http-nio-8888-exec-4 Generator4MethodAccessor field not found limit of object class name com.sparrow.coder.protocol.query.ProjectConfigQuery
2026-10-03 09:17:10.452 TRACE_ID WARN  http-nio-8888-exec-4 Generator4MethodAccessor field not found limit of object class name com.sparrow.coder.dao.query.ProjectConfigDBPagerQuery
2026-10-03 09:17:19.428 TRACE_ID WARN  http-nio-8888-exec-6 Generator4MethodAccessor field not found limit of object class name com.sparrow.coder.protocol.query.ProjectConfigQuery
2026-10-03 09:17:19.428 TRACE_ID WARN  http-nio-8888-exec-6 Generator4MethodAccessor field not found limit of object class name com.sparrow.coder.dao.query.ProjectConfigDBPagerQuery
2026-10-03 09:17:19.430 TRACE_ID WARN  http-nio-8888-exec-6 Generator4MethodAccessor field not found limit of object class name com.sparrow.coder.protocol.query.ProjectConfigQuery
2026-10-03 09:17:19.430 TRACE_ID WARN  http-nio-8888-exec-6 Generator4MethodAccessor field not found limit of object class name com.sparrow.coder.dao.query.ProjectConfigDBPagerQuery
2026-10-03 09:17:19.431 TRACE_ID WARN  http-nio-8888-exec-6 Generator4MethodAccessor field not found displayText of object class name com.sparrow.coder.po.ProjectConfig
2026-10-03 09:17:25.980 TRACE_ID WARN  http-nio-8888-exec-9 Generator4MethodAccessor field not found limit of object class name com.sparrow.coder.protocol.query.TableConfigQuery
2026-10-03 09:17:25.980 TRACE_ID WARN  http-nio-8888-exec-9 Generator4MethodAccessor field not found limit of object class name com.sparrow.coder.dao.query.TableConfigDBPagerQuery
2026-10-03 09:17:25.985 TRACE_ID WARN  http-nio-8888-exec-9 Generator4MethodAccessor field not found limit of object class name com.sparrow.coder.protocol.query.TableConfigQuery
2026-10-03 09:17:25.985 TRACE_ID WARN  http-nio-8888-exec-9 Generator4MethodAccessor field not found limit of object class name com.sparrow.coder.dao.query.TableConfigDBPagerQuery
2026-10-03 09:17:25.987 TRACE_ID WARN  http-nio-8888-exec-8 Generator4MethodAccessor field not found limit of object class name com.sparrow.coder.protocol.query.TableConfigQuery
2026-10-03 09:17:25.987 TRACE_ID WARN  http-nio-8888-exec-8 Generator4MethodAccessor field not found limit of object class name com.sparrow.coder.dao.query.TableConfigDBPagerQuery
2026-10-03 09:17:26.006 TRACE_ID WARN  http-nio-8888-exec-9 Generator4MethodAccessor field not found limit of object class name com.sparrow.coder.protocol.query.ProjectConfigQuery
2026-10-03 09:17:26.006 TRACE_ID WARN  http-nio-8888-exec-9 Generator4MethodAccessor field not found limit of object class name com.sparrow.coder.dao.query.ProjectConfigDBPagerQuery
2026-10-03 09:17:26.006 TRACE_ID WARN  http-nio-8888-exec-8 Generator4MethodAccessor field not found limit of object class name com.sparrow.coder.protocol.query.TableConfigQuery
2026-10-03 09:17:26.007 TRACE_ID WARN  http-nio-8888-exec-8 Generator4MethodAccessor field not found limit of object class name com.sparrow.coder.dao.query.TableConfigDBPagerQuery
2026-10-03 09:17:26.021 TRACE_ID WARN  http-nio-8888-exec-9 Generator4MethodAccessor field not found displayText of object class name com.sparrow.coder.po.ProjectConfig
2026-10-03 09:17:26.021 TRACE_ID WARN  http-nio-8888-exec-8 Generator4MethodAccessor field not found limit of object class name com.sparrow.coder.protocol.query.ProjectConfigQuery
2026-10-03 09:17:26.021 TRACE_ID WARN  http-nio-8888-exec-8 Generator4MethodAccessor field not found limit of object class name com.sparrow.coder.dao.query.ProjectConfigDBPagerQuery
2026-10-03 09:17:26.023 TRACE_ID WARN  http-nio-8888-exec-8 Generator4MethodAccessor field not found displayText of object class name com.sparrow.coder.po.ProjectConfig
2026-10-03 09:18:17.458 TRACE_ID WARN  http-nio-8888-exec-2 Generator4MethodAccessor field not found limit of object class name com.sparrow.coder.protocol.query.TableConfigQuery
2026-10-03 09:18:17.458 TRACE_ID WARN  http-nio-8888-exec-2 Generator4MethodAccessor field not found limit of object class name com.sparrow.coder.dao.query.TableConfigDBPagerQuery
2026-10-03 09:18:17.463 TRACE_ID WARN  http-nio-8888-exec-2 Generator4MethodAccessor field not found limit of object class name com.sparrow.coder.protocol.query.TableConfigQuery
2026-10-03 09:18:17.463 TRACE_ID WARN  http-nio-8888-exec-2 Generator4MethodAccessor field not found limit of object class name com.sparrow.coder.dao.query.TableConfigDBPagerQuery
2026-10-03 09:18:17.466 TRACE_ID WARN  http-nio-8888-exec-2 Generator4MethodAccessor field not found limit of object class name com.sparrow.coder.protocol.query.ProjectConfigQuery
2026-10-03 09:18:17.466 TRACE_ID WARN  http-nio-8888-exec-2 Generator4MethodAccessor field not found limit of object class name com.sparrow.coder.dao.query.ProjectConfigDBPagerQuery
2026-10-03 09:18:17.470 TRACE_ID WARN  http-nio-8888-exec-2 Generator4MethodAccessor field not found displayText of object class name com.sparrow.coder.po.ProjectConfig
2026-10-03 09:18:49.543 TRACE_ID WARN  http-nio-8888-exec-5 Generator4MethodAccessor field not found limit of object class name com.sparrow.coder.protocol.query.TableConfigQuery
2026-10-03 09:18:49.543 TRACE_ID WARN  http-nio-8888-exec-5 Generator4MethodAccessor field not found limit of object class name com.sparrow.coder.dao.query.TableConfigDBPagerQuery
2026-10-03 09:18:49.544 TRACE_ID WARN  http-nio-8888-exec-5 Generator4MethodAccessor field not found limit of object class name com.sparrow.coder.protocol.query.TableConfigQuery
2026-10-03 09:18:49.544 TRACE_ID WARN  http-nio-8888-exec-5 Generator4MethodAccessor field not found limit of object class name com.sparrow.coder.dao.query.TableConfigDBPagerQuery
2026-10-03 09:18:49.547 TRACE_ID WARN  http-nio-8888-exec-5 Generator4MethodAccessor field not found limit of object class name com.sparrow.coder.protocol.query.ProjectConfigQuery
2026-10-03 09:18:49.547 TRACE_ID WARN  http-nio-8888-exec-5 Generator4MethodAccessor field not found limit of object class name com.sparrow.coder.dao.query.ProjectConfigDBPagerQuery
2026-10-03 09:18:49.549 TRACE_ID WARN  http-nio-8888-exec-5 Generator4MethodAccessor field not found displayText of object class name com.sparrow.coder.po.ProjectConfig
2026-10-03 09:19:00.333 TRACE_ID WARN  http-nio-8888-exec-1 Generator4MethodAccessor field not found limit of object class name com.sparrow.coder.protocol.query.TableConfigQuery
2026-10-03 09:19:00.333 TRACE_ID WARN  http-nio-8888-exec-1 Generator4MethodAccessor field not found limit of object class name com.sparrow.coder.dao.query.TableConfigDBPagerQuery
2026-10-03 09:19:00.335 TRACE_ID WARN  http-nio-8888-exec-1 Generator4MethodAccessor field not found limit of object class name com.sparrow.coder.protocol.query.ProjectConfigQuery
2026-10-03 09:19:00.335 TRACE_ID WARN  http-nio-8888-exec-1 Generator4MethodAccessor field not found limit of object class name com.sparrow.coder.dao.query.ProjectConfigDBPagerQuery
2026-10-03 09:19:00.336 TRACE_ID WARN  http-nio-8888-exec-1 Generator4MethodAccessor field not found displayText of object class name com.sparrow.coder.po.ProjectConfig
2026-10-03 09:19:11.728 TRACE_ID WARN  http-nio-8888-exec-8 Generator4MethodAccessor field not found limit of object class name com.sparrow.coder.protocol.query.TableConfigQuery
2026-10-03 09:19:11.728 TRACE_ID WARN  http-nio-8888-exec-8 Generator4MethodAccessor field not found limit of object class name com.sparrow.coder.dao.query.TableConfigDBPagerQuery
2026-10-03 09:19:11.729 TRACE_ID WARN  http-nio-8888-exec-8 Generator4MethodAccessor field not found limit of object class name com.sparrow.coder.protocol.query.TableConfigQuery
2026-10-03 09:19:11.729 TRACE_ID WARN  http-nio-8888-exec-8 Generator4MethodAccessor field not found limit of object class name com.sparrow.coder.dao.query.TableConfigDBPagerQuery
2026-10-03 09:19:11.731 TRACE_ID WARN  http-nio-8888-exec-8 Generator4MethodAccessor field not found limit of object class name com.sparrow.coder.protocol.query.ProjectConfigQuery
2026-10-03 09:19:11.731 TRACE_ID WARN  http-nio-8888-exec-8 Generator4MethodAccessor field not found limit of object class name com.sparrow.coder.dao.query.ProjectConfigDBPagerQuery
2026-10-03 09:19:11.732 TRACE_ID WARN  http-nio-8888-exec-8 Generator4MethodAccessor field not found displayText of object class name com.sparrow.coder.po.ProjectConfig
2026-10-03 09:24:44.415 TRACE_ID WARN  http-nio-8888-exec-2 Generator4MethodAccessor field not found limit of object class name com.sparrow.coder.protocol.query.TableConfigQuery
2026-10-03 09:24:44.415 TRACE_ID WARN  http-nio-8888-exec-2 Generator4MethodAccessor field not found limit of object class name com.sparrow.coder.dao.query.TableConfigDBPagerQuery
2026-10-03 09:24:44.422 TRACE_ID WARN  http-nio-8888-exec-2 Generator4MethodAccessor field not found limit of object class name com.sparrow.coder.protocol.query.TableConfigQuery
2026-10-03 09:24:44.422 TRACE_ID WARN  http-nio-8888-exec-2 Generator4MethodAccessor field not found limit of object class name com.sparrow.coder.dao.query.TableConfigDBPagerQuery
2026-10-03 09:24:44.425 TRACE_ID WARN  http-nio-8888-exec-2 Generator4MethodAccessor field not found limit of object class name com.sparrow.coder.protocol.query.ProjectConfigQuery
2026-10-03 09:24:44.425 TRACE_ID WARN  http-nio-8888-exec-2 Generator4MethodAccessor field not found limit of object class name com.sparrow.coder.dao.query.ProjectConfigDBPagerQuery
2026-10-03 09:24:44.426 TRACE_ID WARN  http-nio-8888-exec-2 Generator4MethodAccessor field not found displayText of object class name com.sparrow.coder.po.ProjectConfig
2026-10-03 09:24:50.350 TRACE_ID WARN  http-nio-8888-exec-5 Generator4MethodAccessor field not found limit of object class name com.sparrow.coder.protocol.query.TableConfigQuery
2026-10-03 09:24:50.350 TRACE_ID WARN  http-nio-8888-exec-6 Generator4MethodAccessor field not found limit of object class name com.sparrow.coder.protocol.query.TableConfigQuery
2026-10-03 09:24:50.350 TRACE_ID WARN  http-nio-8888-exec-5 Generator4MethodAccessor field not found limit of object class name com.sparrow.coder.dao.query.TableConfigDBPagerQuery
2026-10-03 09:24:50.350 TRACE_ID WARN  http-nio-8888-exec-6 Generator4MethodAccessor field not found limit of object class name com.sparrow.coder.dao.query.TableConfigDBPagerQuery
2026-10-03 09:24:50.351 TRACE_ID WARN  http-nio-8888-exec-5 Generator4MethodAccessor field not found limit of object class name com.sparrow.coder.protocol.query.TableConfigQuery
2026-10-03 09:24:50.351 TRACE_ID WARN  http-nio-8888-exec-6 Generator4MethodAccessor field not found limit of object class name com.sparrow.coder.protocol.query.TableConfigQuery
2026-10-03 09:24:50.351 TRACE_ID WARN  http-nio-8888-exec-5 Generator4MethodAccessor field not found limit of object class name com.sparrow.coder.dao.query.TableConfigDBPagerQuery
2026-10-03 09:24:50.351 TRACE_ID WARN  http-nio-8888-exec-6 Generator4MethodAccessor field not found limit of object class name com.sparrow.coder.dao.query.TableConfigDBPagerQuery
2026-10-03 09:24:50.353 TRACE_ID WARN  http-nio-8888-exec-5 Generator4MethodAccessor field not found limit of object class name com.sparrow.coder.protocol.query.ProjectConfigQuery
2026-10-03 09:24:50.353 TRACE_ID WARN  http-nio-8888-exec-5 Generator4MethodAccessor field not found limit of object class name com.sparrow.coder.dao.query.ProjectConfigDBPagerQuery
2026-10-03 09:24:50.353 TRACE_ID WARN  http-nio-8888-exec-6 Generator4MethodAccessor field not found limit of object class name com.sparrow.coder.protocol.query.ProjectConfigQuery
2026-10-03 09:24:50.353 TRACE_ID WARN  http-nio-8888-exec-6 Generator4MethodAccessor field not found limit of object class name com.sparrow.coder.dao.query.ProjectConfigDBPagerQuery
2026-10-03 09:24:50.354 TRACE_ID WARN  http-nio-8888-exec-6 Generator4MethodAccessor field not found displayText of object class name com.sparrow.coder.po.ProjectConfig
2026-10-03 09:24:50.354 TRACE_ID WARN  http-nio-8888-exec-5 Generator4MethodAccessor field not found displayText of object class name com.sparrow.coder.po.ProjectConfig
2026-10-03 09:24:56.560 TRACE_ID WARN  http-nio-8888-exec-7 Generator4MethodAccessor field not found limit of object class name com.sparrow.coder.protocol.query.TableConfigQuery
2026-10-03 09:24:56.560 TRACE_ID WARN  http-nio-8888-exec-7 Generator4MethodAccessor field not found limit of object class name com.sparrow.coder.dao.query.TableConfigDBPagerQuery
2026-10-03 09:24:56.562 TRACE_ID WARN  http-nio-8888-exec-7 Generator4MethodAccessor field not found limit of object class name com.sparrow.coder.protocol.query.TableConfigQuery
2026-10-03 09:24:56.562 TRACE_ID WARN  http-nio-8888-exec-7 Generator4MethodAccessor field not found limit of object class name com.sparrow.coder.dao.query.TableConfigDBPagerQuery
2026-10-03 09:24:56.563 TRACE_ID WARN  http-nio-8888-exec-7 Generator4MethodAccessor field not found limit of object class name com.sparrow.coder.protocol.query.ProjectConfigQuery
2026-10-03 09:24:56.563 TRACE_ID WARN  http-nio-8888-exec-7 Generator4MethodAccessor field not found limit of object class name com.sparrow.coder.dao.query.ProjectConfigDBPagerQuery
2026-10-03 09:24:56.564 TRACE_ID WARN  http-nio-8888-exec-7 Generator4MethodAccessor field not found displayText of object class name com.sparrow.coder.po.ProjectConfig
2026-10-03 09:25:01.240 TRACE_ID WARN  http-nio-8888-exec-8 Generator4MethodAccessor field not found limit of object class name com.sparrow.coder.protocol.query.TableConfigQuery
2026-10-03 09:25:01.240 TRACE_ID WARN  http-nio-8888-exec-8 Generator4MethodAccessor field not found limit of object class name com.sparrow.coder.dao.query.TableConfigDBPagerQuery
2026-10-03 09:25:01.243 TRACE_ID WARN  http-nio-8888-exec-8 Generator4MethodAccessor field not found limit of object class name com.sparrow.coder.protocol.query.ProjectConfigQuery
2026-10-03 09:25:01.243 TRACE_ID WARN  http-nio-8888-exec-8 Generator4MethodAccessor field not found limit of object class name com.sparrow.coder.dao.query.ProjectConfigDBPagerQuery
2026-10-03 09:25:01.244 TRACE_ID WARN  http-nio-8888-exec-8 Generator4MethodAccessor field not found displayText of object class name com.sparrow.coder.po.ProjectConfig
2026-10-03 09:25:05.943 TRACE_ID WARN  http-nio-8888-exec-3 Generator4MethodAccessor field not found limit of object class name com.sparrow.coder.protocol.query.TableConfigQuery
2026-10-03 09:25:05.943 TRACE_ID WARN  http-nio-8888-exec-3 Generator4MethodAccessor field not found limit of object class name com.sparrow.coder.dao.query.TableConfigDBPagerQuery
2026-10-03 09:25:05.948 TRACE_ID WARN  http-nio-8888-exec-3 Generator4MethodAccessor field not found limit of object class name com.sparrow.coder.protocol.query.ProjectConfigQuery
2026-10-03 09:25:05.948 TRACE_ID WARN  http-nio-8888-exec-3 Generator4MethodAccessor field not found limit of object class name com.sparrow.coder.dao.query.ProjectConfigDBPagerQuery
2026-10-03 09:25:05.949 TRACE_ID WARN  http-nio-8888-exec-3 Generator4MethodAccessor field not found displayText of object class name com.sparrow.coder.po.ProjectConfig
2026-10-03 09:25:08.385 TRACE_ID WARN  http-nio-8888-exec-2 Generator4MethodAccessor field not found limit of object class name com.sparrow.coder.protocol.query.TableConfigQuery
2026-10-03 09:25:08.387 TRACE_ID WARN  http-nio-8888-exec-2 Generator4MethodAccessor field not found limit of object class name com.sparrow.coder.dao.query.TableConfigDBPagerQuery
2026-10-03 09:25:08.390 TRACE_ID WARN  http-nio-8888-exec-2 Generator4MethodAccessor field not found limit of object class name com.sparrow.coder.protocol.query.TableConfigQuery
2026-10-03 09:25:08.394 TRACE_ID WARN  http-nio-8888-exec-2 Generator4MethodAccessor field not found limit of object class name com.sparrow.coder.dao.query.TableConfigDBPagerQuery
2026-10-03 09:25:08.395 TRACE_ID WARN  http-nio-8888-exec-2 Generator4MethodAccessor field not found limit of object class name com.sparrow.coder.protocol.query.ProjectConfigQuery
2026-10-03 09:25:08.395 TRACE_ID WARN  http-nio-8888-exec-2 Generator4MethodAccessor field not found limit of object class name com.sparrow.coder.dao.query.ProjectConfigDBPagerQuery
2026-10-03 09:25:08.396 TRACE_ID WARN  http-nio-8888-exec-2 Generator4MethodAccessor field not found displayText of object class name com.sparrow.coder.po.ProjectConfig
2026-10-03 09:25:14.114 TRACE_ID WARN  http-nio-8888-exec-10 Generator4MethodAccessor field not found limit of object class name com.sparrow.coder.protocol.query.TableConfigQuery
2026-10-03 09:25:14.114 TRACE_ID WARN  http-nio-8888-exec-10 Generator4MethodAccessor field not found limit of object class name com.sparrow.coder.dao.query.TableConfigDBPagerQuery
2026-10-03 09:25:14.116 TRACE_ID WARN  http-nio-8888-exec-10 Generator4MethodAccessor field not found limit of object class name com.sparrow.coder.protocol.query.ProjectConfigQuery
2026-10-03 09:25:14.116 TRACE_ID WARN  http-nio-8888-exec-10 Generator4MethodAccessor field not found limit of object class name com.sparrow.coder.dao.query.ProjectConfigDBPagerQuery
2026-10-03 09:25:14.118 TRACE_ID WARN  http-nio-8888-exec-10 Generator4MethodAccessor field not found displayText of object class name com.sparrow.coder.po.ProjectConfig
2026-10-03 09:25:18.452 TRACE_ID WARN  http-nio-8888-exec-5 Generator4MethodAccessor field not found limit of object class name com.sparrow.coder.protocol.query.TableConfigQuery
2026-10-03 09:25:18.452 TRACE_ID WARN  http-nio-8888-exec-5 Generator4MethodAccessor field not found limit of object class name com.sparrow.coder.dao.query.TableConfigDBPagerQuery
2026-10-03 09:25:18.454 TRACE_ID WARN  http-nio-8888-exec-5 Generator4MethodAccessor field not found limit of object class name com.sparrow.coder.protocol.query.TableConfigQuery
2026-10-03 09:25:18.454 TRACE_ID WARN  http-nio-8888-exec-5 Generator4MethodAccessor field not found limit of object class name com.sparrow.coder.dao.query.TableConfigDBPagerQuery
2026-10-03 09:25:18.456 TRACE_ID WARN  http-nio-8888-exec-5 Generator4MethodAccessor field not found limit of object class name com.sparrow.coder.protocol.query.ProjectConfigQuery
2026-10-03 09:25:18.456 TRACE_ID WARN  http-nio-8888-exec-5 Generator4MethodAccessor field not found limit of object class name com.sparrow.coder.dao.query.ProjectConfigDBPagerQuery
2026-10-03 09:25:18.457 TRACE_ID WARN  http-nio-8888-exec-5 Generator4MethodAccessor field not found displayText of object class name com.sparrow.coder.po.ProjectConfig
2026-10-03 09:25:23.022 TRACE_ID WARN  http-nio-8888-exec-1 Generator4MethodAccessor field not found limit of object class name com.sparrow.coder.protocol.query.TableConfigQuery
2026-10-03 09:25:23.022 TRACE_ID WARN  http-nio-8888-exec-1 Generator4MethodAccessor field not found limit of object class name com.sparrow.coder.dao.query.TableConfigDBPagerQuery
2026-10-03 09:25:23.024 TRACE_ID WARN  http-nio-8888-exec-1 Generator4MethodAccessor field not found limit of object class name com.sparrow.coder.protocol.query.TableConfigQuery
2026-10-03 09:25:23.024 TRACE_ID WARN  http-nio-8888-exec-1 Generator4MethodAccessor field not found limit of object class name com.sparrow.coder.dao.query.TableConfigDBPagerQuery
2026-10-03 09:25:23.025 TRACE_ID WARN  http-nio-8888-exec-1 Generator4MethodAccessor field not found limit of object class name com.sparrow.coder.protocol.query.ProjectConfigQuery
2026-10-03 09:25:23.025 TRACE_ID WARN  http-nio-8888-exec-1 Generator4MethodAccessor field not found limit of object class name com.sparrow.coder.dao.query.ProjectConfigDBPagerQuery
2026-10-03 09:25:23.027 TRACE_ID WARN  http-nio-8888-exec-1 Generator4MethodAccessor field not found displayText of object class name com.sparrow.coder.po.ProjectConfig
2026-10-03 09:25:28.056 TRACE_ID WARN  http-nio-8888-exec-8 Generator4MethodAccessor field not found displayText of object class name com.sparrow.coder.po.ProjectConfig
2026-10-03 09:25:28.057 TRACE_ID WARN  http-nio-8888-exec-8 Generator4MethodAccessor field not found limit of object class name com.sparrow.coder.protocol.query.TableConfigQuery
2026-10-03 09:25:28.057 TRACE_ID WARN  http-nio-8888-exec-8 Generator4MethodAccessor field not found limit of object class name com.sparrow.coder.dao.query.TableConfigDBPagerQuery
2026-10-03 09:27:41.933 TRACE_ID WARN  http-nio-8888-exec-2 Generator4MethodAccessor field not found displayText of object class name com.sparrow.coder.po.ProjectConfig
2026-10-03 09:27:41.934 TRACE_ID WARN  http-nio-8888-exec-2 Generator4MethodAccessor field not found limit of object class name com.sparrow.coder.protocol.query.TableConfigQuery
2026-10-03 09:27:41.934 TRACE_ID WARN  http-nio-8888-exec-2 Generator4MethodAccessor field not found limit of object class name com.sparrow.coder.dao.query.TableConfigDBPagerQuery
2026-10-03 09:27:43.075 TRACE_ID WARN  http-nio-8888-exec-4 Generator4MethodAccessor field not found limit of object class name com.sparrow.coder.protocol.query.TableConfigQuery
2026-10-03 09:27:43.075 TRACE_ID WARN  http-nio-8888-exec-4 Generator4MethodAccessor field not found limit of object class name com.sparrow.coder.dao.query.TableConfigDBPagerQuery
2026-10-03 09:27:43.078 TRACE_ID WARN  http-nio-8888-exec-4 Generator4MethodAccessor field not found limit of object class name com.sparrow.coder.protocol.query.TableConfigQuery
2026-10-03 09:27:43.078 TRACE_ID WARN  http-nio-8888-exec-4 Generator4MethodAccessor field not found limit of object class name com.sparrow.coder.dao.query.TableConfigDBPagerQuery
2026-10-03 09:27:43.079 TRACE_ID WARN  http-nio-8888-exec-4 Generator4MethodAccessor field not found limit of object class name com.sparrow.coder.protocol.query.ProjectConfigQuery
2026-10-03 09:27:43.079 TRACE_ID WARN  http-nio-8888-exec-4 Generator4MethodAccessor field not found limit of object class name com.sparrow.coder.dao.query.ProjectConfigDBPagerQuery
2026-10-03 09:27:43.081 TRACE_ID WARN  http-nio-8888-exec-4 Generator4MethodAccessor field not found displayText of object class name com.sparrow.coder.po.ProjectConfig
